[p2pactivate-net.com/index8095.html]
[backblue.gif]
[fade.gif]
[index.html]
[kit.fontawesome.com/a076d05399.0.delayed]
[minepi.com/wp-content/plugins/js_composer_salient/assets/lib/bower/animate-css/animate.min.19704.delayed]
[minepi.com/wp-content/themes/salient/css/build/plugins/jquery.fancybox3d36.css]
[minepi.com/wp-content/themes/salient/css/build/off-canvas/core.css]
[minepi.com/wp-content/themes/salient/css/build/off-canvas/fullscreen-split.css]
[minepi.com/wp-content/plugins/genesis-blocks/dist/assets/js/dismiss685e.js]
[minepi.com/wp-content/themes/salient/js/build/third-party/jquery.easing.min4e44.js]
[minepi.com/wp-content/themes/salient/js/build/third-party/jquery.mousewheel.mina9d5.js]
[minepi.com/wp-content/themes/salient/js/build/priority.js]
[minepi.com/wp-content/themes/salient/js/build/third-party/transit.mine2dc.js]
[minepi.com/wp-content/themes/salient/js/build/third-party/waypoints05da.js]
[minepi.com/wp-content/plugins/salient-portfolio/js/third-party/imagesLoaded.mineda1.js]
[minepi.com/wp-content/themes/salient/js/build/third-party/hoverintent.min3aa8.js]
[minepi.com/wp-content/themes/salient/js/build/third-party/jquery.fancybox.minb186.js]
[minepi.com/wp-content/themes/salient/js/build/third-party/anime.min8686.js]
[minepi.com/wp-content/themes/salient/js/build/third-party/intersection-observer.min61da.js]
[minepi.com/wp-content/themes/salient/js/build/third-party/superfish0322.js]
[minepi.com/wp-content/themes/salient/js/build/init.js]
[minepi.com/wp-content/plugins/salient-core/js/third-party/touchswipe.min5152.js]
[p2pactivate-net.com/index8095.html]
[kit.fontawesome.com/a076d05399.html]
[minepi.com/wp-content/plugins/js_composer_salient/assets/lib/bower/animate-css/animate.min9704.html]
[minepi.com/wp-content/themes/salient/css/build/plugins/jquery.fancybox3d36.css]
[minepi.com/wp-content/themes/salient/css/build/off-canvas/core.css]
[minepi.com/wp-content/themes/salient/css/build/off-canvas/fullscreen-split.css]
[minepi.com/wp-content/themes/salient/js/build/third-party/jquery.fancybox.minb186.html]
[minepi.com/wp-content/plugins/js_composer_salient/assets/js/dist/js_composer_front.min9704.js]
